Archive member included to satisfy reference by file (symbol)

e:/avr-gcc/avr8-gnu-toolchain-3.7.0.1796-win32.any.x86_64/avr8-gnu-toolchain-win32_x86_64/bin/../lib/gcc/avr/7.3.0/avr5\libgcc.a(_udivmodqi4.o)
                              output/functions.o (__udivmodqi4)
e:/avr-gcc/avr8-gnu-toolchain-3.7.0.1796-win32.any.x86_64/avr8-gnu-toolchain-win32_x86_64/bin/../lib/gcc/avr/7.3.0/avr5\libgcc.a(_udivmodsi4.o)
                              output/functions.o (__udivmodsi4)
e:/avr-gcc/avr8-gnu-toolchain-3.7.0.1796-win32.any.x86_64/avr8-gnu-toolchain-win32_x86_64/bin/../lib/gcc/avr/7.3.0/avr5\libgcc.a(_exit.o)
                              E:/avr-gcc/Atmel.ATmega_DFP.2.0.401/gcc/dev/atmega328p/avr5/crtatmega328p.o (exit)
e:/avr-gcc/avr8-gnu-toolchain-3.7.0.1796-win32.any.x86_64/avr8-gnu-toolchain-win32_x86_64/bin/../lib/gcc/avr/7.3.0/avr5\libgcc.a(_copy_data.o)
                              output/functions.o (__do_copy_data)
e:/avr-gcc/avr8-gnu-toolchain-3.7.0.1796-win32.any.x86_64/avr8-gnu-toolchain-win32_x86_64/bin/../lib/gcc/avr/7.3.0/avr5\libgcc.a(_clear_bss.o)
                              output/functions.o (__do_clear_bss)
e:/avr-gcc/avr8-gnu-toolchain-3.7.0.1796-win32.any.x86_64/avr8-gnu-toolchain-win32_x86_64/bin/../lib/gcc/avr/7.3.0/../../../../avr/lib/avr5\libc.a(strlen.o)
                              output/functions.o (strlen)
e:/avr-gcc/avr8-gnu-toolchain-3.7.0.1796-win32.any.x86_64/avr8-gnu-toolchain-win32_x86_64/bin/../lib/gcc/avr/7.3.0/../../../../avr/lib/avr5\libc.a(iob.o)
                              output/functions.o (__iob)
e:/avr-gcc/avr8-gnu-toolchain-3.7.0.1796-win32.any.x86_64/avr8-gnu-toolchain-win32_x86_64/bin/../lib/gcc/avr/7.3.0/../../../../avr/lib/avr5\libc.a(printf.o)
                              output/main.o (printf)
e:/avr-gcc/avr8-gnu-toolchain-3.7.0.1796-win32.any.x86_64/avr8-gnu-toolchain-win32_x86_64/bin/../lib/gcc/avr/7.3.0/../../../../avr/lib/avr5\libc.a(scanf.o)
                              output/main.o (scanf)
e:/avr-gcc/avr8-gnu-toolchain-3.7.0.1796-win32.any.x86_64/avr8-gnu-toolchain-win32_x86_64/bin/../lib/gcc/avr/7.3.0/../../../../avr/lib/avr5\libc.a(vfprintf_std.o)
                              e:/avr-gcc/avr8-gnu-toolchain-3.7.0.1796-win32.any.x86_64/avr8-gnu-toolchain-win32_x86_64/bin/../lib/gcc/avr/7.3.0/../../../../avr/lib/avr5\libc.a(printf.o) (vfprintf)
e:/avr-gcc/avr8-gnu-toolchain-3.7.0.1796-win32.any.x86_64/avr8-gnu-toolchain-win32_x86_64/bin/../lib/gcc/avr/7.3.0/../../../../avr/lib/avr5\libc.a(vfscanf_std.o)
                              e:/avr-gcc/avr8-gnu-toolchain-3.7.0.1796-win32.any.x86_64/avr8-gnu-toolchain-win32_x86_64/bin/../lib/gcc/avr/7.3.0/../../../../avr/lib/avr5\libc.a(scanf.o) (vfscanf)
e:/avr-gcc/avr8-gnu-toolchain-3.7.0.1796-win32.any.x86_64/avr8-gnu-toolchain-win32_x86_64/bin/../lib/gcc/avr/7.3.0/../../../../avr/lib/avr5\libc.a(isspace.o)
                              e:/avr-gcc/avr8-gnu-toolchain-3.7.0.1796-win32.any.x86_64/avr8-gnu-toolchain-win32_x86_64/bin/../lib/gcc/avr/7.3.0/../../../../avr/lib/avr5\libc.a(vfscanf_std.o) (isspace)
e:/avr-gcc/avr8-gnu-toolchain-3.7.0.1796-win32.any.x86_64/avr8-gnu-toolchain-win32_x86_64/bin/../lib/gcc/avr/7.3.0/../../../../avr/lib/avr5\libc.a(strchr_P.o)
                              e:/avr-gcc/avr8-gnu-toolchain-3.7.0.1796-win32.any.x86_64/avr8-gnu-toolchain-win32_x86_64/bin/../lib/gcc/avr/7.3.0/../../../../avr/lib/avr5\libc.a(vfscanf_std.o) (strchr_P)
e:/avr-gcc/avr8-gnu-toolchain-3.7.0.1796-win32.any.x86_64/avr8-gnu-toolchain-win32_x86_64/bin/../lib/gcc/avr/7.3.0/../../../../avr/lib/avr5\libc.a(strnlen_P.o)
                              e:/avr-gcc/avr8-gnu-toolchain-3.7.0.1796-win32.any.x86_64/avr8-gnu-toolchain-win32_x86_64/bin/../lib/gcc/avr/7.3.0/../../../../avr/lib/avr5\libc.a(vfprintf_std.o) (strnlen_P)
e:/avr-gcc/avr8-gnu-toolchain-3.7.0.1796-win32.any.x86_64/avr8-gnu-toolchain-win32_x86_64/bin/../lib/gcc/avr/7.3.0/../../../../avr/lib/avr5\libc.a(strnlen.o)
                              e:/avr-gcc/avr8-gnu-toolchain-3.7.0.1796-win32.any.x86_64/avr8-gnu-toolchain-win32_x86_64/bin/../lib/gcc/avr/7.3.0/../../../../avr/lib/avr5\libc.a(vfprintf_std.o) (strnlen)
e:/avr-gcc/avr8-gnu-toolchain-3.7.0.1796-win32.any.x86_64/avr8-gnu-toolchain-win32_x86_64/bin/../lib/gcc/avr/7.3.0/../../../../avr/lib/avr5\libc.a(fgetc.o)
                              e:/avr-gcc/avr8-gnu-toolchain-3.7.0.1796-win32.any.x86_64/avr8-gnu-toolchain-win32_x86_64/bin/../lib/gcc/avr/7.3.0/../../../../avr/lib/avr5\libc.a(vfscanf_std.o) (fgetc)
e:/avr-gcc/avr8-gnu-toolchain-3.7.0.1796-win32.any.x86_64/avr8-gnu-toolchain-win32_x86_64/bin/../lib/gcc/avr/7.3.0/../../../../avr/lib/avr5\libc.a(fputc.o)
                              e:/avr-gcc/avr8-gnu-toolchain-3.7.0.1796-win32.any.x86_64/avr8-gnu-toolchain-win32_x86_64/bin/../lib/gcc/avr/7.3.0/../../../../avr/lib/avr5\libc.a(vfprintf_std.o) (fputc)
e:/avr-gcc/avr8-gnu-toolchain-3.7.0.1796-win32.any.x86_64/avr8-gnu-toolchain-win32_x86_64/bin/../lib/gcc/avr/7.3.0/../../../../avr/lib/avr5\libc.a(ungetc.o)
                              e:/avr-gcc/avr8-gnu-toolchain-3.7.0.1796-win32.any.x86_64/avr8-gnu-toolchain-win32_x86_64/bin/../lib/gcc/avr/7.3.0/../../../../avr/lib/avr5\libc.a(vfscanf_std.o) (ungetc)
e:/avr-gcc/avr8-gnu-toolchain-3.7.0.1796-win32.any.x86_64/avr8-gnu-toolchain-win32_x86_64/bin/../lib/gcc/avr/7.3.0/../../../../avr/lib/avr5\libc.a(ultoa_invert.o)
                              e:/avr-gcc/avr8-gnu-toolchain-3.7.0.1796-win32.any.x86_64/avr8-gnu-toolchain-win32_x86_64/bin/../lib/gcc/avr/7.3.0/../../../../avr/lib/avr5\libc.a(vfprintf_std.o) (__ultoa_invert)
e:/avr-gcc/avr8-gnu-toolchain-3.7.0.1796-win32.any.x86_64/avr8-gnu-toolchain-win32_x86_64/bin/../lib/gcc/avr/7.3.0/../../../../avr/lib/avr5\libc.a(cty_isfalse.o)
                              e:/avr-gcc/avr8-gnu-toolchain-3.7.0.1796-win32.any.x86_64/avr8-gnu-toolchain-win32_x86_64/bin/../lib/gcc/avr/7.3.0/../../../../avr/lib/avr5\libc.a(isspace.o) (__ctype_isfalse)
e:/avr-gcc/avr8-gnu-toolchain-3.7.0.1796-win32.any.x86_64/avr8-gnu-toolchain-win32_x86_64/bin/../lib/gcc/avr/7.3.0/avr5\libgcc.a(_prologue.o)
                              e:/avr-gcc/avr8-gnu-toolchain-3.7.0.1796-win32.any.x86_64/avr8-gnu-toolchain-win32_x86_64/bin/../lib/gcc/avr/7.3.0/../../../../avr/lib/avr5\libc.a(printf.o) (__prologue_saves__)
e:/avr-gcc/avr8-gnu-toolchain-3.7.0.1796-win32.any.x86_64/avr8-gnu-toolchain-win32_x86_64/bin/../lib/gcc/avr/7.3.0/avr5\libgcc.a(_epilogue.o)
                              e:/avr-gcc/avr8-gnu-toolchain-3.7.0.1796-win32.any.x86_64/avr8-gnu-toolchain-win32_x86_64/bin/../lib/gcc/avr/7.3.0/../../../../avr/lib/avr5\libc.a(printf.o) (__epilogue_restores__)

Allocating common symbols
Common symbol       size              file

xfunc_output        0x2               output/functions.o
time_dec            0x7               output/functions.o
time_bcd            0x7               output/functions.o
__iob               0x6               e:/avr-gcc/avr8-gnu-toolchain-3.7.0.1796-win32.any.x86_64/avr8-gnu-toolchain-win32_x86_64/bin/../lib/gcc/avr/7.3.0/../../../../avr/lib/avr5\libc.a(iob.o)

Memory Configuration

Name             Origin             Length             Attributes
text             0x0000000000000000 0x0000000000008000 xr
data             0x0000000000800100 0x0000000000000800 rw !x
eeprom           0x0000000000810000 0x0000000000000400 rw !x
fuse             0x0000000000820000 0x0000000000000003 rw !x
lock             0x0000000000830000 0x0000000000000400 rw !x
signature        0x0000000000840000 0x0000000000000400 rw !x
user_signatures  0x0000000000850000 0x0000000000000400 rw !x
*default*        0x0000000000000000 0xffffffffffffffff

Linker script and memory map

Address of section .data set to 0x800100
LOAD E:/avr-gcc/Atmel.ATmega_DFP.2.0.401/gcc/dev/atmega328p/avr5/crtatmega328p.o
LOAD output/functions.o
LOAD output/main.o
START GROUP
LOAD e:/avr-gcc/avr8-gnu-toolchain-3.7.0.1796-win32.any.x86_64/avr8-gnu-toolchain-win32_x86_64/bin/../lib/gcc/avr/7.3.0/avr5\libgcc.a
LOAD e:/avr-gcc/avr8-gnu-toolchain-3.7.0.1796-win32.any.x86_64/avr8-gnu-toolchain-win32_x86_64/bin/../lib/gcc/avr/7.3.0/../../../../avr/lib/avr5\libm.a
LOAD e:/avr-gcc/avr8-gnu-toolchain-3.7.0.1796-win32.any.x86_64/avr8-gnu-toolchain-win32_x86_64/bin/../lib/gcc/avr/7.3.0/../../../../avr/lib/avr5\libc.a
LOAD E:/avr-gcc/Atmel.ATmega_DFP.2.0.401/gcc/dev/atmega328p/avr5\libatmega328p.a
END GROUP
                0x0000000000000000                __TEXT_REGION_ORIGIN__ = DEFINED (__TEXT_REGION_ORIGIN__)?__TEXT_REGION_ORIGIN__:0x0
                [0x0000000000800100]                __DATA_REGION_ORIGIN__ = DEFINED (__DATA_REGION_ORIGIN__)?__DATA_REGION_ORIGIN__:0x800060
                [0x0000000000008000]                __TEXT_REGION_LENGTH__ = DEFINED (__TEXT_REGION_LENGTH__)?__TEXT_REGION_LENGTH__:0x20000
                [0x0000000000000800]                __DATA_REGION_LENGTH__ = DEFINED (__DATA_REGION_LENGTH__)?__DATA_REGION_LENGTH__:0xffa0
                [0x0000000000000400]                __EEPROM_REGION_LENGTH__ = DEFINED (__EEPROM_REGION_LENGTH__)?__EEPROM_REGION_LENGTH__:0x10000
                [0x0000000000000003]                __FUSE_REGION_LENGTH__ = DEFINED (__FUSE_REGION_LENGTH__)?__FUSE_REGION_LENGTH__:0x400
                0x0000000000000400                __LOCK_REGION_LENGTH__ = DEFINED (__LOCK_REGION_LENGTH__)?__LOCK_REGION_LENGTH__:0x400
                0x0000000000000400                __SIGNATURE_REGION_LENGTH__ = DEFINED (__SIGNATURE_REGION_LENGTH__)?__SIGNATURE_REGION_LENGTH__:0x400
                0x0000000000000400                __USER_SIGNATURE_REGION_LENGTH__ = DEFINED (__USER_SIGNATURE_REGION_LENGTH__)?__USER_SIGNATURE_REGION_LENGTH__:0x400

.hash
 *(.hash)

.dynsym
 *(.dynsym)

.dynstr
 *(.dynstr)

.gnu.version
 *(.gnu.version)

.gnu.version_d
 *(.gnu.version_d)

.gnu.version_r
 *(.gnu.version_r)

.rel.init
 *(.rel.init)

.rela.init
 *(.rela.init)

.rel.text
 *(.rel.text)
 *(.rel.text.*)
 *(.rel.gnu.linkonce.t*)

.rela.text
 *(.rela.text)
 *(.rela.text.*)
 *(.rela.gnu.linkonce.t*)

.rel.fini
 *(.rel.fini)

.rela.fini
 *(.rela.fini)

.rel.rodata
 *(.rel.rodata)
 *(.rel.rodata.*)
 *(.rel.gnu.linkonce.r*)

.rela.rodata
 *(.rela.rodata)
 *(.rela.rodata.*)
 *(.rela.gnu.linkonce.r*)

.rel.data
 *(.rel.data)
 *(.rel.data.*)
 *(.rel.gnu.linkonce.d*)

.rela.data
 *(.rela.data)
 *(.rela.data.*)
 *(.rela.gnu.linkonce.d*)

.rel.ctors
 *(.rel.ctors)

.rela.ctors
 *(.rela.ctors)

.rel.dtors
 *(.rel.dtors)

.rela.dtors
 *(.rela.dtors)

.rel.got
 *(.rel.got)

.rela.got
 *(.rela.got)

.rel.bss
 *(.rel.bss)

.rela.bss
 *(.rela.bss)

.rel.plt
 *(.rel.plt)

.rela.plt
 *(.rela.plt)

.text           0x0000000000000000     0x1984
 *(.vectors)
 .vectors       0x0000000000000000       0x68 E:/avr-gcc/Atmel.ATmega_DFP.2.0.401/gcc/dev/atmega328p/avr5/crtatmega328p.o
                0x0000000000000000                __vector_default
                0x0000000000000000                __vectors
 *(.vectors)
 *(.progmem.gcc*)
                0x0000000000000068                . = ALIGN (0x2)
                0x0000000000000068                __trampolines_start = .
 *(.trampolines)
 .trampolines   0x0000000000000068        0x0 linker stubs
 *(.trampolines*)
                0x0000000000000068                __trampolines_end = .
 *libprintf_flt.a:*(.progmem.data)
 *libc.a:*(.progmem.data)
 .progmem.data  0x0000000000000068        0xc e:/avr-gcc/avr8-gnu-toolchain-3.7.0.1796-win32.any.x86_64/avr8-gnu-toolchain-win32_x86_64/bin/../lib/gcc/avr/7.3.0/../../../../avr/lib/avr5\libc.a(vfscanf_std.o)
 *(.progmem*)
                0x0000000000000074                . = ALIGN (0x2)
 *(.jumptables)
 *(.jumptables*)
 *(.lowtext)
 *(.lowtext*)
                0x0000000000000074                __ctors_start = .
 *(.ctors)
                0x0000000000000074                __ctors_end = .
                0x0000000000000074                __dtors_start = .
 *(.dtors)
                0x0000000000000074                __dtors_end = .
 SORT(*)(.ctors)
 SORT(*)(.dtors)
 *(.init0)
 .init0         0x0000000000000074        0x0 E:/avr-gcc/Atmel.ATmega_DFP.2.0.401/gcc/dev/atmega328p/avr5/crtatmega328p.o
                0x0000000000000074                __init
 *(.init0)
 *(.init1)
 *(.init1)
 *(.init2)
 .init2         0x0000000000000074        0xc E:/avr-gcc/Atmel.ATmega_DFP.2.0.401/gcc/dev/atmega328p/avr5/crtatmega328p.o
 *(.init2)
 *(.init3)
 *(.init3)
 *(.init4)
 .init4         0x0000000000000080       0x16 e:/avr-gcc/avr8-gnu-toolchain-3.7.0.1796-win32.any.x86_64/avr8-gnu-toolchain-win32_x86_64/bin/../lib/gcc/avr/7.3.0/avr5\libgcc.a(_copy_data.o)
                0x0000000000000080                __do_copy_data
 .init4         0x0000000000000096       0x10 e:/avr-gcc/avr8-gnu-toolchain-3.7.0.1796-win32.any.x86_64/avr8-gnu-toolchain-win32_x86_64/bin/../lib/gcc/avr/7.3.0/avr5\libgcc.a(_clear_bss.o)
                0x0000000000000096                __do_clear_bss
 *(.init4)
 *(.init5)
 *(.init5)
 *(.init6)
 *(.init6)
 *(.init7)
 *(.init7)
 *(.init8)
 *(.init8)
 *(.init9)
 .init9         0x00000000000000a6        0x8 E:/avr-gcc/Atmel.ATmega_DFP.2.0.401/gcc/dev/atmega328p/avr5/crtatmega328p.o
 *(.init9)
 *(.text)
 .text          0x00000000000000ae        0x4 E:/avr-gcc/Atmel.ATmega_DFP.2.0.401/gcc/dev/atmega328p/avr5/crtatmega328p.o
                0x00000000000000ae                __vector_22
                0x00000000000000ae                __vector_1
                0x00000000000000ae                __vector_24
                0x00000000000000ae                __vector_12
                0x00000000000000ae                __bad_interrupt
                0x00000000000000ae                __vector_6
                0x00000000000000ae                __vector_3
                0x00000000000000ae                __vector_23
                0x00000000000000ae                __vector_25
                0x00000000000000ae                __vector_11
                0x00000000000000ae                __vector_13
                0x00000000000000ae                __vector_17
                0x00000000000000ae                __vector_19
                0x00000000000000ae                __vector_7
                0x00000000000000ae                __vector_5
                0x00000000000000ae                __vector_4
                0x00000000000000ae                __vector_9
                0x00000000000000ae                __vector_2
                0x00000000000000ae                __vector_21
                0x00000000000000ae                __vector_15
                0x00000000000000ae                __vector_8
                0x00000000000000ae                __vector_14
                0x00000000000000ae                __vector_10
                0x00000000000000ae                __vector_16
                0x00000000000000ae                __vector_18
                0x00000000000000ae                __vector_20
 .text          0x00000000000000b2      0xb06 output/functions.o
                0x00000000000000b2                avr_uart_putchar
                0x00000000000000d0                avr_uart_getchar
                0x00000000000000de                avr_uart_getchar_echo
                0x00000000000000fa                delay_ms
                0x0000000000000116                delay_us
                0x0000000000000132                blink
                0x0000000000000184                avr_uart_init
                0x00000000000001c6                avr_uart_data_avaiable
                0x00000000000001de                xfputc
                0x0000000000000206                xputc
                0x00000000000005fe                xfputs
                0x0000000000000628                xputs
                0x0000000000000636                xprintf
                0x000000000000065e                xfprintf
                0x000000000000067e                xsprintf
                0x00000000000006bc                ds1307_init
                0x00000000000006ce                ds1307_read_one_byte
                0x00000000000007c0                ds1307_write_one_byte
                0x0000000000000866                ds1307_n_write
                0x0000000000000994                ds1307_n_read
                0x0000000000000ab4                ds1307_update
                0x0000000000000ad0                dec2bcd
                0x0000000000000ade                bcd2dec
                0x0000000000000af0                ds1307_dec2bcd
                0x0000000000000b5a                ds1307_bcd2dec
                0x0000000000000b88                ds1307_sqw_output
 .text          0x0000000000000bb8        0x0 output/main.o
 .text          0x0000000000000bb8        0x0 e:/avr-gcc/avr8-gnu-toolchain-3.7.0.1796-win32.any.x86_64/avr8-gnu-toolchain-win32_x86_64/bin/../lib/gcc/avr/7.3.0/avr5\libgcc.a(_udivmodqi4.o)
 .text          0x0000000000000bb8        0x0 e:/avr-gcc/avr8-gnu-toolchain-3.7.0.1796-win32.any.x86_64/avr8-gnu-toolchain-win32_x86_64/bin/../lib/gcc/avr/7.3.0/avr5\libgcc.a(_udivmodsi4.o)
 .text          0x0000000000000bb8        0x0 e:/avr-gcc/avr8-gnu-toolchain-3.7.0.1796-win32.any.x86_64/avr8-gnu-toolchain-win32_x86_64/bin/../lib/gcc/avr/7.3.0/avr5\libgcc.a(_exit.o)
 .text          0x0000000000000bb8        0x0 e:/avr-gcc/avr8-gnu-toolchain-3.7.0.1796-win32.any.x86_64/avr8-gnu-toolchain-win32_x86_64/bin/../lib/gcc/avr/7.3.0/avr5\libgcc.a(_copy_data.o)
 .text          0x0000000000000bb8        0x0 e:/avr-gcc/avr8-gnu-toolchain-3.7.0.1796-win32.any.x86_64/avr8-gnu-toolchain-win32_x86_64/bin/../lib/gcc/avr/7.3.0/avr5\libgcc.a(_clear_bss.o)
 .text          0x0000000000000bb8        0x0 e:/avr-gcc/avr8-gnu-toolchain-3.7.0.1796-win32.any.x86_64/avr8-gnu-toolchain-win32_x86_64/bin/../lib/gcc/avr/7.3.0/../../../../avr/lib/avr5\libc.a(strlen.o)
 .text          0x0000000000000bb8        0x0 e:/avr-gcc/avr8-gnu-toolchain-3.7.0.1796-win32.any.x86_64/avr8-gnu-toolchain-win32_x86_64/bin/../lib/gcc/avr/7.3.0/../../../../avr/lib/avr5\libc.a(iob.o)
 .text          0x0000000000000bb8        0x0 e:/avr-gcc/avr8-gnu-toolchain-3.7.0.1796-win32.any.x86_64/avr8-gnu-toolchain-win32_x86_64/bin/../lib/gcc/avr/7.3.0/../../../../avr/lib/avr5\libc.a(printf.o)
 .text          0x0000000000000bb8        0x0 e:/avr-gcc/avr8-gnu-toolchain-3.7.0.1796-win32.any.x86_64/avr8-gnu-toolchain-win32_x86_64/bin/../lib/gcc/avr/7.3.0/../../../../avr/lib/avr5\libc.a(scanf.o)
 .text          0x0000000000000bb8        0x0 e:/avr-gcc/avr8-gnu-toolchain-3.7.0.1796-win32.any.x86_64/avr8-gnu-toolchain-win32_x86_64/bin/../lib/gcc/avr/7.3.0/../../../../avr/lib/avr5\libc.a(vfprintf_std.o)
 .text          0x0000000000000bb8        0x0 e:/avr-gcc/avr8-gnu-toolchain-3.7.0.1796-win32.any.x86_64/avr8-gnu-toolchain-win32_x86_64/bin/../lib/gcc/avr/7.3.0/../../../../avr/lib/avr5\libc.a(vfscanf_std.o)
 .text          0x0000000000000bb8        0x0 e:/avr-gcc/avr8-gnu-toolchain-3.7.0.1796-win32.any.x86_64/avr8-gnu-toolchain-win32_x86_64/bin/../lib/gcc/avr/7.3.0/../../../../avr/lib/avr5\libc.a(isspace.o)
 .text          0x0000000000000bb8        0x0 e:/avr-gcc/avr8-gnu-toolchain-3.7.0.1796-win32.any.x86_64/avr8-gnu-toolchain-win32_x86_64/bin/../lib/gcc/avr/7.3.0/../../../../avr/lib/avr5\libc.a(strchr_P.o)
 .text          0x0000000000000bb8        0x0 e:/avr-gcc/avr8-gnu-toolchain-3.7.0.1796-win32.any.x86_64/avr8-gnu-toolchain-win32_x86_64/bin/../lib/gcc/avr/7.3.0/../../../../avr/lib/avr5\libc.a(strnlen_P.o)
 .text          0x0000000000000bb8        0x0 e:/avr-gcc/avr8-gnu-toolchain-3.7.0.1796-win32.any.x86_64/avr8-gnu-toolchain-win32_x86_64/bin/../lib/gcc/avr/7.3.0/../../../../avr/lib/avr5\libc.a(strnlen.o)
 .text          0x0000000000000bb8        0x0 e:/avr-gcc/avr8-gnu-toolchain-3.7.0.1796-win32.any.x86_64/avr8-gnu-toolchain-win32_x86_64/bin/../lib/gcc/avr/7.3.0/../../../../avr/lib/avr5\libc.a(fgetc.o)
 .text          0x0000000000000bb8        0x0 e:/avr-gcc/avr8-gnu-toolchain-3.7.0.1796-win32.any.x86_64/avr8-gnu-toolchain-win32_x86_64/bin/../lib/gcc/avr/7.3.0/../../../../avr/lib/avr5\libc.a(fputc.o)
 .text          0x0000000000000bb8        0x0 e:/avr-gcc/avr8-gnu-toolchain-3.7.0.1796-win32.any.x86_64/avr8-gnu-toolchain-win32_x86_64/bin/../lib/gcc/avr/7.3.0/../../../../avr/lib/avr5\libc.a(ungetc.o)
 .text          0x0000000000000bb8        0x0 e:/avr-gcc/avr8-gnu-toolchain-3.7.0.1796-win32.any.x86_64/avr8-gnu-toolchain-win32_x86_64/bin/../lib/gcc/avr/7.3.0/../../../../avr/lib/avr5\libc.a(ultoa_invert.o)
 .text          0x0000000000000bb8        0x0 e:/avr-gcc/avr8-gnu-toolchain-3.7.0.1796-win32.any.x86_64/avr8-gnu-toolchain-win32_x86_64/bin/../lib/gcc/avr/7.3.0/../../../../avr/lib/avr5\libc.a(cty_isfalse.o)
 .text          0x0000000000000bb8        0x0 e:/avr-gcc/avr8-gnu-toolchain-3.7.0.1796-win32.any.x86_64/avr8-gnu-toolchain-win32_x86_64/bin/../lib/gcc/avr/7.3.0/avr5\libgcc.a(_prologue.o)
 .text          0x0000000000000bb8        0x0 e:/avr-gcc/avr8-gnu-toolchain-3.7.0.1796-win32.any.x86_64/avr8-gnu-toolchain-win32_x86_64/bin/../lib/gcc/avr/7.3.0/avr5\libgcc.a(_epilogue.o)
                0x0000000000000bb8                . = ALIGN (0x2)
 *(.text.*)
 .text.startup  0x0000000000000bb8      0x1a2 output/main.o
                0x0000000000000bb8                main
 .text.libgcc.mul
                0x0000000000000d5a        0x0 e:/avr-gcc/avr8-gnu-toolchain-3.7.0.1796-win32.any.x86_64/avr8-gnu-toolchain-win32_x86_64/bin/../lib/gcc/avr/7.3.0/avr5\libgcc.a(_udivmodqi4.o)
 .text.libgcc.div
                0x0000000000000d5a       0x18 e:/avr-gcc/avr8-gnu-toolchain-3.7.0.1796-win32.any.x86_64/avr8-gnu-toolchain-win32_x86_64/bin/../lib/gcc/avr/7.3.0/avr5\libgcc.a(_udivmodqi4.o)
                0x0000000000000d5a                __udivmodqi4
 .text.libgcc   0x0000000000000d72        0x0 e:/avr-gcc/avr8-gnu-toolchain-3.7.0.1796-win32.any.x86_64/avr8-gnu-toolchain-win32_x86_64/bin/../lib/gcc/avr/7.3.0/avr5\libgcc.a(_udivmodqi4.o)
 .text.libgcc.prologue
                0x0000000000000d72        0x0 e:/avr-gcc/avr8-gnu-toolchain-3.7.0.1796-win32.any.x86_64/avr8-gnu-toolchain-win32_x86_64/bin/../lib/gcc/avr/7.3.0/avr5\libgcc.a(_udivmodqi4.o)
 .text.libgcc.builtins
                0x0000000000000d72        0x0 e:/avr-gcc/avr8-gnu-toolchain-3.7.0.1796-win32.any.x86_64/avr8-gnu-toolchain-win32_x86_64/bin/../lib/gcc/avr/7.3.0/avr5\libgcc.a(_udivmodqi4.o)
 .text.libgcc.fmul
                0x0000000000000d72        0x0 e:/avr-gcc/avr8-gnu-toolchain-3.7.0.1796-win32.any.x86_64/avr8-gnu-toolchain-win32_x86_64/bin/../lib/gcc/avr/7.3.0/avr5\libgcc.a(_udivmodqi4.o)
 .text.libgcc.fixed
                0x0000000000000d72        0x0 e:/avr-gcc/avr8-gnu-toolchain-3.7.0.1796-win32.any.x86_64/avr8-gnu-toolchain-win32_x86_64/bin/../lib/gcc/avr/7.3.0/avr5\libgcc.a(_udivmodqi4.o)
 .text.libgcc.mul
                0x0000000000000d72        0x0 e:/avr-gcc/avr8-gnu-toolchain-3.7.0.1796-win32.any.x86_64/avr8-gnu-toolchain-win32_x86_64/bin/../lib/gcc/avr/7.3.0/avr5\libgcc.a(_udivmodsi4.o)
 .text.libgcc.div
                0x0000000000000d72       0x44 e:/avr-gcc/avr8-gnu-toolchain-3.7.0.1796-win32.any.x86_64/avr8-gnu-toolchain-win32_x86_64/bin/../lib/gcc/avr/7.3.0/avr5\libgcc.a(_udivmodsi4.o)
                0x0000000000000d72                __udivmodsi4
 .text.libgcc   0x0000000000000db6        0x0 e:/avr-gcc/avr8-gnu-toolchain-3.7.0.1796-win32.any.x86_64/avr8-gnu-toolchain-win32_x86_64/bin/../lib/gcc/avr/7.3.0/avr5\libgcc.a(_udivmodsi4.o)
 .text.libgcc.prologue
                0x0000000000000db6        0x0 e:/avr-gcc/avr8-gnu-toolchain-3.7.0.1796-win32.any.x86_64/avr8-gnu-toolchain-win32_x86_64/bin/../lib/gcc/avr/7.3.0/avr5\libgcc.a(_udivmodsi4.o)
 .text.libgcc.builtins
                0x0000000000000db6        0x0 e:/avr-gcc/avr8-gnu-toolchain-3.7.0.1796-win32.any.x86_64/avr8-gnu-toolchain-win32_x86_64/bin/../lib/gcc/avr/7.3.0/avr5\libgcc.a(_udivmodsi4.o)
 .text.libgcc.fmul
                0x0000000000000db6        0x0 e:/avr-gcc/avr8-gnu-toolchain-3.7.0.1796-win32.any.x86_64/avr8-gnu-toolchain-win32_x86_64/bin/../lib/gcc/avr/7.3.0/avr5\libgcc.a(_udivmodsi4.o)
 .text.libgcc.fixed
                0x0000000000000db6        0x0 e:/avr-gcc/avr8-gnu-toolchain-3.7.0.1796-win32.any.x86_64/avr8-gnu-toolchain-win32_x86_64/bin/../lib/gcc/avr/7.3.0/avr5\libgcc.a(_udivmodsi4.o)
 .text.libgcc.mul
                0x0000000000000db6        0x0 e:/avr-gcc/avr8-gnu-toolchain-3.7.0.1796-win32.any.x86_64/avr8-gnu-toolchain-win32_x86_64/bin/../lib/gcc/avr/7.3.0/avr5\libgcc.a(_exit.o)
 .text.libgcc.div
                0x0000000000000db6        0x0 e:/avr-gcc/avr8-gnu-toolchain-3.7.0.1796-win32.any.x86_64/avr8-gnu-toolchain-win32_x86_64/bin/../lib/gcc/avr/7.3.0/avr5\libgcc.a(_exit.o)
 .text.libgcc   0x0000000000000db6        0x0 e:/avr-gcc/avr8-gnu-toolchain-3.7.0.1796-win32.any.x86_64/avr8-gnu-toolchain-win32_x86_64/bin/../lib/gcc/avr/7.3.0/avr5\libgcc.a(_exit.o)
 .text.libgcc.prologue
                0x0000000000000db6        0x0 e:/avr-gcc/avr8-gnu-toolchain-3.7.0.1796-win32.any.x86_64/avr8-gnu-toolchain-win32_x86_64/bin/../lib/gcc/avr/7.3.0/avr5\libgcc.a(_exit.o)
 .text.libgcc.builtins
                0x0000000000000db6        0x0 e:/avr-gcc/avr8-gnu-toolchain-3.7.0.1796-win32.any.x86_64/avr8-gnu-toolchain-win32_x86_64/bin/../lib/gcc/avr/7.3.0/avr5\libgcc.a(_exit.o)
 .text.libgcc.fmul
                0x0000000000000db6        0x0 e:/avr-gcc/avr8-gnu-toolchain-3.7.0.1796-win32.any.x86_64/avr8-gnu-toolchain-win32_x86_64/bin/../lib/gcc/avr/7.3.0/avr5\libgcc.a(_exit.o)
 .text.libgcc.fixed
                0x0000000000000db6        0x0 e:/avr-gcc/avr8-gnu-toolchain-3.7.0.1796-win32.any.x86_64/avr8-gnu-toolchain-win32_x86_64/bin/../lib/gcc/avr/7.3.0/avr5\libgcc.a(_exit.o)
 .text.libgcc.mul
                0x0000000000000db6        0x0 e:/avr-gcc/avr8-gnu-toolchain-3.7.0.1796-win32.any.x86_64/avr8-gnu-toolchain-win32_x86_64/bin/../lib/gcc/avr/7.3.0/avr5\libgcc.a(_copy_data.o)
 .text.libgcc.div
                0x0000000000000db6        0x0 e:/avr-gcc/avr8-gnu-toolchain-3.7.0.1796-win32.any.x86_64/avr8-gnu-toolchain-win32_x86_64/bin/../lib/gcc/avr/7.3.0/avr5\libgcc.a(_copy_data.o)
 .text.libgcc   0x0000000000000db6        0x0 e:/avr-gcc/avr8-gnu-toolchain-3.7.0.1796-win32.any.x86_64/avr8-gnu-toolchain-win32_x86_64/bin/../lib/gcc/avr/7.3.0/avr5\libgcc.a(_copy_data.o)
 .text.libgcc.prologue
                0x0000000000000db6        0x0 e:/avr-gcc/avr8-gnu-toolchain-3.7.0.1796-win32.any.x86_64/avr8-gnu-toolchain-win32_x86_64/bin/../lib/gcc/avr/7.3.0/avr5\libgcc.a(_copy_data.o)
 .text.libgcc.builtins
                0x0000000000000db6        0x0 e:/avr-gcc/avr8-gnu-toolchain-3.7.0.1796-win32.any.x86_64/avr8-gnu-toolchain-win32_x86_64/bin/../lib/gcc/avr/7.3.0/avr5\libgcc.a(_copy_data.o)
 .text.libgcc.fmul
                0x0000000000000db6        0x0 e:/avr-gcc/avr8-gnu-toolchain-3.7.0.1796-win32.any.x86_64/avr8-gnu-toolchain-win32_x86_64/bin/../lib/gcc/avr/7.3.0/avr5\libgcc.a(_copy_data.o)
 .text.libgcc.fixed
                0x0000000000000db6        0x0 e:/avr-gcc/avr8-gnu-toolchain-3.7.0.1796-win32.any.x86_64/avr8-gnu-toolchain-win32_x86_64/bin/../lib/gcc/avr/7.3.0/avr5\libgcc.a(_copy_data.o)
 .text.libgcc.mul
                0x0000000000000db6        0x0 e:/avr-gcc/avr8-gnu-toolchain-3.7.0.1796-win32.any.x86_64/avr8-gnu-toolchain-win32_x86_64/bin/../lib/gcc/avr/7.3.0/avr5\libgcc.a(_clear_bss.o)
 .text.libgcc.div
                0x0000000000000db6        0x0 e:/avr-gcc/avr8-gnu-toolchain-3.7.0.1796-win32.any.x86_64/avr8-gnu-toolchain-win32_x86_64/bin/../lib/gcc/avr/7.3.0/avr5\libgcc.a(_clear_bss.o)
 .text.libgcc   0x0000000000000db6        0x0 e:/avr-gcc/avr8-gnu-toolchain-3.7.0.1796-win32.any.x86_64/avr8-gnu-toolchain-win32_x86_64/bin/../lib/gcc/avr/7.3.0/avr5\libgcc.a(_clear_bss.o)
 .text.libgcc.prologue
                0x0000000000000db6        0x0 e:/avr-gcc/avr8-gnu-toolchain-3.7.0.1796-win32.any.x86_64/avr8-gnu-toolchain-win32_x86_64/bin/../lib/gcc/avr/7.3.0/avr5\libgcc.a(_clear_bss.o)
 .text.libgcc.builtins
                0x0000000000000db6        0x0 e:/avr-gcc/avr8-gnu-toolchain-3.7.0.1796-win32.any.x86_64/avr8-gnu-toolchain-win32_x86_64/bin/../lib/gcc/avr/7.3.0/avr5\libgcc.a(_clear_bss.o)
 .text.libgcc.fmul
                0x0000000000000db6        0x0 e:/avr-gcc/avr8-gnu-toolchain-3.7.0.1796-win32.any.x86_64/avr8-gnu-toolchain-win32_x86_64/bin/../lib/gcc/avr/7.3.0/avr5\libgcc.a(_clear_bss.o)
 .text.libgcc.fixed
                0x0000000000000db6        0x0 e:/avr-gcc/avr8-gnu-toolchain-3.7.0.1796-win32.any.x86_64/avr8-gnu-toolchain-win32_x86_64/bin/../lib/gcc/avr/7.3.0/avr5\libgcc.a(_clear_bss.o)
 .text.avr-libc
                0x0000000000000db6       0x12 e:/avr-gcc/avr8-gnu-toolchain-3.7.0.1796-win32.any.x86_64/avr8-gnu-toolchain-win32_x86_64/bin/../lib/gcc/avr/7.3.0/../../../../avr/lib/avr5\libc.a(strlen.o)
                0x0000000000000db6                strlen
 .text.avr-libc
                0x0000000000000dc8       0x2c e:/avr-gcc/avr8-gnu-toolchain-3.7.0.1796-win32.any.x86_64/avr8-gnu-toolchain-win32_x86_64/bin/../lib/gcc/avr/7.3.0/../../../../avr/lib/avr5\libc.a(printf.o)
                0x0000000000000dc8                printf
 .text.avr-libc
                0x0000000000000df4       0x2c e:/avr-gcc/avr8-gnu-toolchain-3.7.0.1796-win32.any.x86_64/avr8-gnu-toolchain-win32_x86_64/bin/../lib/gcc/avr/7.3.0/../../../../avr/lib/avr5\libc.a(scanf.o)
                0x0000000000000df4                scanf
 .text.avr-libc
                0x0000000000000e20      0x3b4 e:/avr-gcc/avr8-gnu-toolchain-3.7.0.1796-win32.any.x86_64/avr8-gnu-toolchain-win32_x86_64/bin/../lib/gcc/avr/7.3.0/../../../../avr/lib/avr5\libc.a(vfprintf_std.o)
                0x0000000000000e20                vfprintf
 .text.avr-libc
                0x00000000000011d4      0x520 e:/avr-gcc/avr8-gnu-toolchain-3.7.0.1796-win32.any.x86_64/avr8-gnu-toolchain-win32_x86_64/bin/../lib/gcc/avr/7.3.0/../../../../avr/lib/avr5\libc.a(vfscanf_std.o)
                0x00000000000014ea                vfscanf
 .text.avr-libc
                0x00000000000016f4       0x12 e:/avr-gcc/avr8-gnu-toolchain-3.7.0.1796-win32.any.x86_64/avr8-gnu-toolchain-win32_x86_64/bin/../lib/gcc/avr/7.3.0/../../../../avr/lib/avr5\libc.a(isspace.o)
                0x00000000000016f4                isspace
 .text.avr-libc
                0x0000000000001706       0x16 e:/avr-gcc/avr8-gnu-toolchain-3.7.0.1796-win32.any.x86_64/avr8-gnu-toolchain-win32_x86_64/bin/../lib/gcc/avr/7.3.0/../../../../avr/lib/avr5\libc.a(strchr_P.o)
                0x0000000000001706                strchr_P
 .text.avr-libc
                0x000000000000171c       0x16 e:/avr-gcc/avr8-gnu-toolchain-3.7.0.1796-win32.any.x86_64/avr8-gnu-toolchain-win32_x86_64/bin/../lib/gcc/avr/7.3.0/../../../../avr/lib/avr5\libc.a(strnlen_P.o)
                0x000000000000171c                strnlen_P
 .text.avr-libc
                0x0000000000001732       0x16 e:/avr-gcc/avr8-gnu-toolchain-3.7.0.1796-win32.any.x86_64/avr8-gnu-toolchain-win32_x86_64/bin/../lib/gcc/avr/7.3.0/../../../../avr/lib/avr5\libc.a(strnlen.o)
                0x0000000000001732                strnlen
 .text.avr-libc
                0x0000000000001748       0x78 e:/avr-gcc/avr8-gnu-toolchain-3.7.0.1796-win32.any.x86_64/avr8-gnu-toolchain-win32_x86_64/bin/../lib/gcc/avr/7.3.0/../../../../avr/lib/avr5\libc.a(fgetc.o)
                0x0000000000001748                fgetc
 .text.avr-libc
                0x00000000000017c0       0x60 e:/avr-gcc/avr8-gnu-toolchain-3.7.0.1796-win32.any.x86_64/avr8-gnu-toolchain-win32_x86_64/bin/../lib/gcc/avr/7.3.0/../../../../avr/lib/avr5\libc.a(fputc.o)
                0x00000000000017c0                fputc
 .text.avr-libc
                0x0000000000001820       0x30 e:/avr-gcc/avr8-gnu-toolchain-3.7.0.1796-win32.any.x86_64/avr8-gnu-toolchain-win32_x86_64/bin/../lib/gcc/avr/7.3.0/../../../../avr/lib/avr5\libc.a(ungetc.o)
                0x0000000000001820                ungetc
 .text.avr-libc
                0x0000000000001850       0xbc e:/avr-gcc/avr8-gnu-toolchain-3.7.0.1796-win32.any.x86_64/avr8-gnu-toolchain-win32_x86_64/bin/../lib/gcc/avr/7.3.0/../../../../avr/lib/avr5\libc.a(ultoa_invert.o)
                0x0000000000001850                __ultoa_invert
 .text.avr-libc
                0x000000000000190c        0x6 e:/avr-gcc/avr8-gnu-toolchain-3.7.0.1796-win32.any.x86_64/avr8-gnu-toolchain-win32_x86_64/bin/../lib/gcc/avr/7.3.0/../../../../avr/lib/avr5\libc.a(cty_isfalse.o)
                0x000000000000190c                __ctype_isfalse
                0x0000000000001910                __ctype_istrue
 .text.libgcc.mul
                0x0000000000001912        0x0 e:/avr-gcc/avr8-gnu-toolchain-3.7.0.1796-win32.any.x86_64/avr8-gnu-toolchain-win32_x86_64/bin/../lib/gcc/avr/7.3.0/avr5\libgcc.a(_prologue.o)
 .text.libgcc.div
                0x0000000000001912        0x0 e:/avr-gcc/avr8-gnu-toolchain-3.7.0.1796-win32.any.x86_64/avr8-gnu-toolchain-win32_x86_64/bin/../lib/gcc/avr/7.3.0/avr5\libgcc.a(_prologue.o)
 .text.libgcc   0x0000000000001912        0x0 e:/avr-gcc/avr8-gnu-toolchain-3.7.0.1796-win32.any.x86_64/avr8-gnu-toolchain-win32_x86_64/bin/../lib/gcc/avr/7.3.0/avr5\libgcc.a(_prologue.o)
 .text.libgcc.prologue
                0x0000000000001912       0x38 e:/avr-gcc/avr8-gnu-toolchain-3.7.0.1796-win32.any.x86_64/avr8-gnu-toolchain-win32_x86_64/bin/../lib/gcc/avr/7.3.0/avr5\libgcc.a(_prologue.o)
                0x0000000000001912                __prologue_saves__
 .text.libgcc.builtins
                0x000000000000194a        0x0 e:/avr-gcc/avr8-gnu-toolchain-3.7.0.1796-win32.any.x86_64/avr8-gnu-toolchain-win32_x86_64/bin/../lib/gcc/avr/7.3.0/avr5\libgcc.a(_prologue.o)
 .text.libgcc.fmul
                0x000000000000194a        0x0 e:/avr-gcc/avr8-gnu-toolchain-3.7.0.1796-win32.any.x86_64/avr8-gnu-toolchain-win32_x86_64/bin/../lib/gcc/avr/7.3.0/avr5\libgcc.a(_prologue.o)
 .text.libgcc.fixed
                0x000000000000194a        0x0 e:/avr-gcc/avr8-gnu-toolchain-3.7.0.1796-win32.any.x86_64/avr8-gnu-toolchain-win32_x86_64/bin/../lib/gcc/avr/7.3.0/avr5\libgcc.a(_prologue.o)
 .text.libgcc.mul
                0x000000000000194a        0x0 e:/avr-gcc/avr8-gnu-toolchain-3.7.0.1796-win32.any.x86_64/avr8-gnu-toolchain-win32_x86_64/bin/../lib/gcc/avr/7.3.0/avr5\libgcc.a(_epilogue.o)
 .text.libgcc.div
                0x000000000000194a        0x0 e:/avr-gcc/avr8-gnu-toolchain-3.7.0.1796-win32.any.x86_64/avr8-gnu-toolchain-win32_x86_64/bin/../lib/gcc/avr/7.3.0/avr5\libgcc.a(_epilogue.o)
 .text.libgcc   0x000000000000194a        0x0 e:/avr-gcc/avr8-gnu-toolchain-3.7.0.1796-win32.any.x86_64/avr8-gnu-toolchain-win32_x86_64/bin/../lib/gcc/avr/7.3.0/avr5\libgcc.a(_epilogue.o)
 .text.libgcc.prologue
                0x000000000000194a       0x36 e:/avr-gcc/avr8-gnu-toolchain-3.7.0.1796-win32.any.x86_64/avr8-gnu-toolchain-win32_x86_64/bin/../lib/gcc/avr/7.3.0/avr5\libgcc.a(_epilogue.o)
                0x000000000000194a                __epilogue_restores__
 .text.libgcc.builtins
                0x0000000000001980        0x0 e:/avr-gcc/avr8-gnu-toolchain-3.7.0.1796-win32.any.x86_64/avr8-gnu-toolchain-win32_x86_64/bin/../lib/gcc/avr/7.3.0/avr5\libgcc.a(_epilogue.o)
 .text.libgcc.fmul
                0x0000000000001980        0x0 e:/avr-gcc/avr8-gnu-toolchain-3.7.0.1796-win32.any.x86_64/avr8-gnu-toolchain-win32_x86_64/bin/../lib/gcc/avr/7.3.0/avr5\libgcc.a(_epilogue.o)
 .text.libgcc.fixed
                0x0000000000001980        0x0 e:/avr-gcc/avr8-gnu-toolchain-3.7.0.1796-win32.any.x86_64/avr8-gnu-toolchain-win32_x86_64/bin/../lib/gcc/avr/7.3.0/avr5\libgcc.a(_epilogue.o)
                0x0000000000001980                . = ALIGN (0x2)
 *(.fini9)
 .fini9         0x0000000000001980        0x0 e:/avr-gcc/avr8-gnu-toolchain-3.7.0.1796-win32.any.x86_64/avr8-gnu-toolchain-win32_x86_64/bin/../lib/gcc/avr/7.3.0/avr5\libgcc.a(_exit.o)
                0x0000000000001980                _exit
                0x0000000000001980                exit
 *(.fini9)
 *(.fini8)
 *(.fini8)
 *(.fini7)
 *(.fini7)
 *(.fini6)
 *(.fini6)
 *(.fini5)
 *(.fini5)
 *(.fini4)
 *(.fini4)
 *(.fini3)
 *(.fini3)
 *(.fini2)
 *(.fini2)
 *(.fini1)
 *(.fini1)
 *(.fini0)
 .fini0         0x0000000000001980        0x4 e:/avr-gcc/avr8-gnu-toolchain-3.7.0.1796-win32.any.x86_64/avr8-gnu-toolchain-win32_x86_64/bin/../lib/gcc/avr/7.3.0/avr5\libgcc.a(_exit.o)
 *(.fini0)
                0x0000000000001984                _etext = .

.data           0x0000000000800100      0x102 load address 0x0000000000001984
                0x0000000000800100                PROVIDE (__data_start, .)
 *(.data)
 .data          0x0000000000800100        0x0 E:/avr-gcc/Atmel.ATmega_DFP.2.0.401/gcc/dev/atmega328p/avr5/crtatmega328p.o
 .data          0x0000000000800100       0x2a output/functions.o
                0x0000000000800100                avr_uart_input_echo
                0x000000000080010e                avr_uart_input
                0x000000000080011c                avr_uart_output
 .data          0x000000000080012a        0x0 output/main.o
 .data          0x000000000080012a        0x0 e:/avr-gcc/avr8-gnu-toolchain-3.7.0.1796-win32.any.x86_64/avr8-gnu-toolchain-win32_x86_64/bin/../lib/gcc/avr/7.3.0/avr5\libgcc.a(_udivmodqi4.o)
 .data          0x000000000080012a        0x0 e:/avr-gcc/avr8-gnu-toolchain-3.7.0.1796-win32.any.x86_64/avr8-gnu-toolchain-win32_x86_64/bin/../lib/gcc/avr/7.3.0/avr5\libgcc.a(_udivmodsi4.o)
 .data          0x000000000080012a        0x0 e:/avr-gcc/avr8-gnu-toolchain-3.7.0.1796-win32.any.x86_64/avr8-gnu-toolchain-win32_x86_64/bin/../lib/gcc/avr/7.3.0/avr5\libgcc.a(_exit.o)
 .data          0x000000000080012a        0x0 e:/avr-gcc/avr8-gnu-toolchain-3.7.0.1796-win32.any.x86_64/avr8-gnu-toolchain-win32_x86_64/bin/../lib/gcc/avr/7.3.0/avr5\libgcc.a(_copy_data.o)
 .data          0x000000000080012a        0x0 e:/avr-gcc/avr8-gnu-toolchain-3.7.0.1796-win32.any.x86_64/avr8-gnu-toolchain-win32_x86_64/bin/../lib/gcc/avr/7.3.0/avr5\libgcc.a(_clear_bss.o)
 .data          0x000000000080012a        0x0 e:/avr-gcc/avr8-gnu-toolchain-3.7.0.1796-win32.any.x86_64/avr8-gnu-toolchain-win32_x86_64/bin/../lib/gcc/avr/7.3.0/../../../../avr/lib/avr5\libc.a(strlen.o)
 .data          0x000000000080012a        0x0 e:/avr-gcc/avr8-gnu-toolchain-3.7.0.1796-win32.any.x86_64/avr8-gnu-toolchain-win32_x86_64/bin/../lib/gcc/avr/7.3.0/../../../../avr/lib/avr5\libc.a(iob.o)
 .data          0x000000000080012a        0x0 e:/avr-gcc/avr8-gnu-toolchain-3.7.0.1796-win32.any.x86_64/avr8-gnu-toolchain-win32_x86_64/bin/../lib/gcc/avr/7.3.0/../../../../avr/lib/avr5\libc.a(printf.o)
 .data          0x000000000080012a        0x0 e:/avr-gcc/avr8-gnu-toolchain-3.7.0.1796-win32.any.x86_64/avr8-gnu-toolchain-win32_x86_64/bin/../lib/gcc/avr/7.3.0/../../../../avr/lib/avr5\libc.a(scanf.o)
 .data          0x000000000080012a        0x0 e:/avr-gcc/avr8-gnu-toolchain-3.7.0.1796-win32.any.x86_64/avr8-gnu-toolchain-win32_x86_64/bin/../lib/gcc/avr/7.3.0/../../../../avr/lib/avr5\libc.a(vfprintf_std.o)
 .data          0x000000000080012a        0x0 e:/avr-gcc/avr8-gnu-toolchain-3.7.0.1796-win32.any.x86_64/avr8-gnu-toolchain-win32_x86_64/bin/../lib/gcc/avr/7.3.0/../../../../avr/lib/avr5\libc.a(vfscanf_std.o)
 .data          0x000000000080012a        0x0 e:/avr-gcc/avr8-gnu-toolchain-3.7.0.1796-win32.any.x86_64/avr8-gnu-toolchain-win32_x86_64/bin/../lib/gcc/avr/7.3.0/../../../../avr/lib/avr5\libc.a(isspace.o)
 .data          0x000000000080012a        0x0 e:/avr-gcc/avr8-gnu-toolchain-3.7.0.1796-win32.any.x86_64/avr8-gnu-toolchain-win32_x86_64/bin/../lib/gcc/avr/7.3.0/../../../../avr/lib/avr5\libc.a(strchr_P.o)
 .data          0x000000000080012a        0x0 e:/avr-gcc/avr8-gnu-toolchain-3.7.0.1796-win32.any.x86_64/avr8-gnu-toolchain-win32_x86_64/bin/../lib/gcc/avr/7.3.0/../../../../avr/lib/avr5\libc.a(strnlen_P.o)
 .data          0x000000000080012a        0x0 e:/avr-gcc/avr8-gnu-toolchain-3.7.0.1796-win32.any.x86_64/avr8-gnu-toolchain-win32_x86_64/bin/../lib/gcc/avr/7.3.0/../../../../avr/lib/avr5\libc.a(strnlen.o)
 .data          0x000000000080012a        0x0 e:/avr-gcc/avr8-gnu-toolchain-3.7.0.1796-win32.any.x86_64/avr8-gnu-toolchain-win32_x86_64/bin/../lib/gcc/avr/7.3.0/../../../../avr/lib/avr5\libc.a(fgetc.o)
 .data          0x000000000080012a        0x0 e:/avr-gcc/avr8-gnu-toolchain-3.7.0.1796-win32.any.x86_64/avr8-gnu-toolchain-win32_x86_64/bin/../lib/gcc/avr/7.3.0/../../../../avr/lib/avr5\libc.a(fputc.o)
 .data          0x000000000080012a        0x0 e:/avr-gcc/avr8-gnu-toolchain-3.7.0.1796-win32.any.x86_64/avr8-gnu-toolchain-win32_x86_64/bin/../lib/gcc/avr/7.3.0/../../../../avr/lib/avr5\libc.a(ungetc.o)
 .data          0x000000000080012a        0x0 e:/avr-gcc/avr8-gnu-toolchain-3.7.0.1796-win32.any.x86_64/avr8-gnu-toolchain-win32_x86_64/bin/../lib/gcc/avr/7.3.0/../../../../avr/lib/avr5\libc.a(ultoa_invert.o)
 .data          0x000000000080012a        0x0 e:/avr-gcc/avr8-gnu-toolchain-3.7.0.1796-win32.any.x86_64/avr8-gnu-toolchain-win32_x86_64/bin/../lib/gcc/avr/7.3.0/../../../../avr/lib/avr5\libc.a(cty_isfalse.o)
 .data          0x000000000080012a        0x0 e:/avr-gcc/avr8-gnu-toolchain-3.7.0.1796-win32.any.x86_64/avr8-gnu-toolchain-win32_x86_64/bin/../lib/gcc/avr/7.3.0/avr5\libgcc.a(_prologue.o)
 .data          0x000000000080012a        0x0 e:/avr-gcc/avr8-gnu-toolchain-3.7.0.1796-win32.any.x86_64/avr8-gnu-toolchain-win32_x86_64/bin/../lib/gcc/avr/7.3.0/avr5\libgcc.a(_epilogue.o)
 *(.data*)
 *(.gnu.linkonce.d*)
 *(.rodata)
 *(.rodata*)
 .rodata.str1.1
                0x000000000080012a        0x0 output/functions.o
                                          0x1 (size before relaxing)
 .rodata.str1.1
                0x000000000080012a       0xd8 output/main.o
 *(.gnu.linkonce.r*)
                0x0000000000800202                . = ALIGN (0x2)
                0x0000000000800202                _edata = .
                0x0000000000800202                PROVIDE (__data_end, .)

.bss            0x0000000000800202       0x18
                0x0000000000800202                PROVIDE (__bss_start, .)
 *(.bss)
 .bss           0x0000000000800202        0x0 E:/avr-gcc/Atmel.ATmega_DFP.2.0.401/gcc/dev/atmega328p/avr5/crtatmega328p.o
 .bss           0x0000000000800202        0x2 output/functions.o
 .bss           0x0000000000800204        0x0 output/main.o
 .bss           0x0000000000800204        0x0 e:/avr-gcc/avr8-gnu-toolchain-3.7.0.1796-win32.any.x86_64/avr8-gnu-toolchain-win32_x86_64/bin/../lib/gcc/avr/7.3.0/avr5\libgcc.a(_udivmodqi4.o)
 .bss           0x0000000000800204        0x0 e:/avr-gcc/avr8-gnu-toolchain-3.7.0.1796-win32.any.x86_64/avr8-gnu-toolchain-win32_x86_64/bin/../lib/gcc/avr/7.3.0/avr5\libgcc.a(_udivmodsi4.o)
 .bss           0x0000000000800204        0x0 e:/avr-gcc/avr8-gnu-toolchain-3.7.0.1796-win32.any.x86_64/avr8-gnu-toolchain-win32_x86_64/bin/../lib/gcc/avr/7.3.0/avr5\libgcc.a(_exit.o)
 .bss           0x0000000000800204        0x0 e:/avr-gcc/avr8-gnu-toolchain-3.7.0.1796-win32.any.x86_64/avr8-gnu-toolchain-win32_x86_64/bin/../lib/gcc/avr/7.3.0/avr5\libgcc.a(_copy_data.o)
 .bss           0x0000000000800204        0x0 e:/avr-gcc/avr8-gnu-toolchain-3.7.0.1796-win32.any.x86_64/avr8-gnu-toolchain-win32_x86_64/bin/../lib/gcc/avr/7.3.0/avr5\libgcc.a(_clear_bss.o)
 .bss           0x0000000000800204        0x0 e:/avr-gcc/avr8-gnu-toolchain-3.7.0.1796-win32.any.x86_64/avr8-gnu-toolchain-win32_x86_64/bin/../lib/gcc/avr/7.3.0/../../../../avr/lib/avr5\libc.a(strlen.o)
 .bss           0x0000000000800204        0x0 e:/avr-gcc/avr8-gnu-toolchain-3.7.0.1796-win32.any.x86_64/avr8-gnu-toolchain-win32_x86_64/bin/../lib/gcc/avr/7.3.0/../../../../avr/lib/avr5\libc.a(iob.o)
 .bss           0x0000000000800204        0x0 e:/avr-gcc/avr8-gnu-toolchain-3.7.0.1796-win32.any.x86_64/avr8-gnu-toolchain-win32_x86_64/bin/../lib/gcc/avr/7.3.0/../../../../avr/lib/avr5\libc.a(printf.o)
 .bss           0x0000000000800204        0x0 e:/avr-gcc/avr8-gnu-toolchain-3.7.0.1796-win32.any.x86_64/avr8-gnu-toolchain-win32_x86_64/bin/../lib/gcc/avr/7.3.0/../../../../avr/lib/avr5\libc.a(scanf.o)
 .bss           0x0000000000800204        0x0 e:/avr-gcc/avr8-gnu-toolchain-3.7.0.1796-win32.any.x86_64/avr8-gnu-toolchain-win32_x86_64/bin/../lib/gcc/avr/7.3.0/../../../../avr/lib/avr5\libc.a(vfprintf_std.o)
 .bss           0x0000000000800204        0x0 e:/avr-gcc/avr8-gnu-toolchain-3.7.0.1796-win32.any.x86_64/avr8-gnu-toolchain-win32_x86_64/bin/../lib/gcc/avr/7.3.0/../../../../avr/lib/avr5\libc.a(vfscanf_std.o)
 .bss           0x0000000000800204        0x0 e:/avr-gcc/avr8-gnu-toolchain-3.7.0.1796-win32.any.x86_64/avr8-gnu-toolchain-win32_x86_64/bin/../lib/gcc/avr/7.3.0/../../../../avr/lib/avr5\libc.a(isspace.o)
 .bss           0x0000000000800204        0x0 e:/avr-gcc/avr8-gnu-toolchain-3.7.0.1796-win32.any.x86_64/avr8-gnu-toolchain-win32_x86_64/bin/../lib/gcc/avr/7.3.0/../../../../avr/lib/avr5\libc.a(strchr_P.o)
 .bss           0x0000000000800204        0x0 e:/avr-gcc/avr8-gnu-toolchain-3.7.0.1796-win32.any.x86_64/avr8-gnu-toolchain-win32_x86_64/bin/../lib/gcc/avr/7.3.0/../../../../avr/lib/avr5\libc.a(strnlen_P.o)
 .bss           0x0000000000800204        0x0 e:/avr-gcc/avr8-gnu-toolchain-3.7.0.1796-win32.any.x86_64/avr8-gnu-toolchain-win32_x86_64/bin/../lib/gcc/avr/7.3.0/../../../../avr/lib/avr5\libc.a(strnlen.o)
 .bss           0x0000000000800204        0x0 e:/avr-gcc/avr8-gnu-toolchain-3.7.0.1796-win32.any.x86_64/avr8-gnu-toolchain-win32_x86_64/bin/../lib/gcc/avr/7.3.0/../../../../avr/lib/avr5\libc.a(fgetc.o)
 .bss           0x0000000000800204        0x0 e:/avr-gcc/avr8-gnu-toolchain-3.7.0.1796-win32.any.x86_64/avr8-gnu-toolchain-win32_x86_64/bin/../lib/gcc/avr/7.3.0/../../../../avr/lib/avr5\libc.a(fputc.o)
 .bss           0x0000000000800204        0x0 e:/avr-gcc/avr8-gnu-toolchain-3.7.0.1796-win32.any.x86_64/avr8-gnu-toolchain-win32_x86_64/bin/../lib/gcc/avr/7.3.0/../../../../avr/lib/avr5\libc.a(ungetc.o)
 .bss           0x0000000000800204        0x0 e:/avr-gcc/avr8-gnu-toolchain-3.7.0.1796-win32.any.x86_64/avr8-gnu-toolchain-win32_x86_64/bin/../lib/gcc/avr/7.3.0/../../../../avr/lib/avr5\libc.a(ultoa_invert.o)
 .bss           0x0000000000800204        0x0 e:/avr-gcc/avr8-gnu-toolchain-3.7.0.1796-win32.any.x86_64/avr8-gnu-toolchain-win32_x86_64/bin/../lib/gcc/avr/7.3.0/../../../../avr/lib/avr5\libc.a(cty_isfalse.o)
 .bss           0x0000000000800204        0x0 e:/avr-gcc/avr8-gnu-toolchain-3.7.0.1796-win32.any.x86_64/avr8-gnu-toolchain-win32_x86_64/bin/../lib/gcc/avr/7.3.0/avr5\libgcc.a(_prologue.o)
 .bss           0x0000000000800204        0x0 e:/avr-gcc/avr8-gnu-toolchain-3.7.0.1796-win32.any.x86_64/avr8-gnu-toolchain-win32_x86_64/bin/../lib/gcc/avr/7.3.0/avr5\libgcc.a(_epilogue.o)
 *(.bss*)
 *(COMMON)
 COMMON         0x0000000000800204       0x10 output/functions.o
                0x0000000000800204                xfunc_output
                0x0000000000800206                time_dec
                0x000000000080020d                time_bcd
 COMMON         0x0000000000800214        0x6 e:/avr-gcc/avr8-gnu-toolchain-3.7.0.1796-win32.any.x86_64/avr8-gnu-toolchain-win32_x86_64/bin/../lib/gcc/avr/7.3.0/../../../../avr/lib/avr5\libc.a(iob.o)
                0x0000000000800214                __iob
                0x000000000080021a                PROVIDE (__bss_end, .)
                0x0000000000001984                __data_load_start = LOADADDR (.data)
                0x0000000000001a86                __data_load_end = (__data_load_start + SIZEOF (.data))

.noinit         0x000000000080021a        0x0
                [!provide]                        PROVIDE (__noinit_start, .)
 *(.noinit*)
                [!provide]                        PROVIDE (__noinit_end, .)
                0x000000000080021a                _end = .
                [!provide]                        PROVIDE (__heap_start, .)

.eeprom         0x0000000000810000        0x0
 *(.eeprom*)
                0x0000000000810000                __eeprom_end = .

.fuse
 *(.fuse)
 *(.lfuse)
 *(.hfuse)
 *(.efuse)

.lock
 *(.lock*)

.signature
 *(.signature*)

.user_signatures
 *(.user_signatures*)

.stab
 *(.stab)

.stabstr
 *(.stabstr)

.stab.excl
 *(.stab.excl)

.stab.exclstr
 *(.stab.exclstr)

.stab.index
 *(.stab.index)

.stab.indexstr
 *(.stab.indexstr)

.comment        0x0000000000000000       0x5c
 *(.comment)
 .comment       0x0000000000000000       0x30 output/functions.o
                                         0x31 (size before relaxing)
 .comment       0x0000000000000030       0x31 output/main.o
 .comment       0x0000000000000030       0x31 e:/avr-gcc/avr8-gnu-toolchain-3.7.0.1796-win32.any.x86_64/avr8-gnu-toolchain-win32_x86_64/bin/../lib/gcc/avr/7.3.0/../../../../avr/lib/avr5\libc.a(iob.o)
 .comment       0x0000000000000030       0x31 e:/avr-gcc/avr8-gnu-toolchain-3.7.0.1796-win32.any.x86_64/avr8-gnu-toolchain-win32_x86_64/bin/../lib/gcc/avr/7.3.0/../../../../avr/lib/avr5\libc.a(printf.o)
 .comment       0x0000000000000030       0x31 e:/avr-gcc/avr8-gnu-toolchain-3.7.0.1796-win32.any.x86_64/avr8-gnu-toolchain-win32_x86_64/bin/../lib/gcc/avr/7.3.0/../../../../avr/lib/avr5\libc.a(scanf.o)
 .comment       0x0000000000000030       0x2c e:/avr-gcc/avr8-gnu-toolchain-3.7.0.1796-win32.any.x86_64/avr8-gnu-toolchain-win32_x86_64/bin/../lib/gcc/avr/7.3.0/../../../../avr/lib/avr5\libc.a(vfprintf_std.o)
                                         0x2d (size before relaxing)
 .comment       0x000000000000005c       0x2d e:/avr-gcc/avr8-gnu-toolchain-3.7.0.1796-win32.any.x86_64/avr8-gnu-toolchain-win32_x86_64/bin/../lib/gcc/avr/7.3.0/../../../../avr/lib/avr5\libc.a(vfscanf_std.o)
 .comment       0x000000000000005c       0x31 e:/avr-gcc/avr8-gnu-toolchain-3.7.0.1796-win32.any.x86_64/avr8-gnu-toolchain-win32_x86_64/bin/../lib/gcc/avr/7.3.0/../../../../avr/lib/avr5\libc.a(fgetc.o)
 .comment       0x000000000000005c       0x31 e:/avr-gcc/avr8-gnu-toolchain-3.7.0.1796-win32.any.x86_64/avr8-gnu-toolchain-win32_x86_64/bin/../lib/gcc/avr/7.3.0/../../../../avr/lib/avr5\libc.a(fputc.o)
 .comment       0x000000000000005c       0x31 e:/avr-gcc/avr8-gnu-toolchain-3.7.0.1796-win32.any.x86_64/avr8-gnu-toolchain-win32_x86_64/bin/../lib/gcc/avr/7.3.0/../../../../avr/lib/avr5\libc.a(ungetc.o)

.note.gnu.avr.deviceinfo
                0x0000000000000000       0x40
 .note.gnu.avr.deviceinfo
                0x0000000000000000       0x40 E:/avr-gcc/Atmel.ATmega_DFP.2.0.401/gcc/dev/atmega328p/avr5/crtatmega328p.o

.note.gnu.build-id
 *(.note.gnu.build-id)

.debug
 *(.debug)

.line
 *(.line)

.debug_srcinfo
 *(.debug_srcinfo)

.debug_sfnames
 *(.debug_sfnames)

.debug_aranges  0x0000000000000000       0x40
 *(.debug_aranges)
 .debug_aranges
                0x0000000000000000       0x20 output/functions.o
 .debug_aranges
                0x0000000000000020       0x20 output/main.o

.debug_pubnames
 *(.debug_pubnames)

.debug_info     0x0000000000000000     0x1853
 *(.debug_info .gnu.linkonce.wi.*)
 .debug_info    0x0000000000000000      0x5f4 E:/avr-gcc/Atmel.ATmega_DFP.2.0.401/gcc/dev/atmega328p/avr5/crtatmega328p.o
 .debug_info    0x00000000000005f4      0xf23 output/functions.o
 .debug_info    0x0000000000001517      0x33c output/main.o

.debug_abbrev   0x0000000000000000      0xb95
 *(.debug_abbrev)
 .debug_abbrev  0x0000000000000000      0x5a2 E:/avr-gcc/Atmel.ATmega_DFP.2.0.401/gcc/dev/atmega328p/avr5/crtatmega328p.o
 .debug_abbrev  0x00000000000005a2      0x46d output/functions.o
 .debug_abbrev  0x0000000000000a0f      0x186 output/main.o

.debug_line     0x0000000000000000      0xe4b
 *(.debug_line .debug_line.* .debug_line_end)
 .debug_line    0x0000000000000000      0x134 E:/avr-gcc/Atmel.ATmega_DFP.2.0.401/gcc/dev/atmega328p/avr5/crtatmega328p.o
 .debug_line    0x0000000000000134      0xb5b output/functions.o
 .debug_line    0x0000000000000c8f      0x1bc output/main.o

.debug_frame    0x0000000000000000      0x31c
 *(.debug_frame)
 .debug_frame   0x0000000000000000      0x2e8 output/functions.o
 .debug_frame   0x00000000000002e8       0x34 output/main.o

.debug_str      0x0000000000000000      0x570
 *(.debug_str)
 .debug_str     0x0000000000000000      0x208 E:/avr-gcc/Atmel.ATmega_DFP.2.0.401/gcc/dev/atmega328p/avr5/crtatmega328p.o
 .debug_str     0x0000000000000208      0x351 output/functions.o
                                        0x3a7 (size before relaxing)
 .debug_str     0x0000000000000559       0x17 output/main.o
                                        0x1e5 (size before relaxing)

.debug_loc      0x0000000000000000     0x1947
 *(.debug_loc)
 .debug_loc     0x0000000000000000     0x18ec output/functions.o
 .debug_loc     0x00000000000018ec       0x5b output/main.o

.debug_macinfo
 *(.debug_macinfo)

.debug_weaknames
 *(.debug_weaknames)

.debug_funcnames
 *(.debug_funcnames)

.debug_typenames
 *(.debug_typenames)

.debug_varnames
 *(.debug_varnames)

.debug_pubtypes
 *(.debug_pubtypes)

.debug_ranges   0x0000000000000000       0x60
 *(.debug_ranges)
 .debug_ranges  0x0000000000000000       0x50 output/functions.o
 .debug_ranges  0x0000000000000050       0x10 output/main.o

.debug_macro
 *(.debug_macro)
OUTPUT(output/main.elf elf32-avr)
LOAD linker stubs
